// Jest Snapshot v1, https://goo.gl/fbAQLP

exports[`renders correctly 1`] = `
<RCTSafeAreaView
  emulateUnlessSupported={true}
  style={
    Object {
      "flex": 1,
      "justifyContent": "space-between",
    }
  }
>
  <RCTScrollView
    data={
      Array [
        Object {
          "highScore": 10,
          "userName": "Game 2",
        },
        Object {
          "highScore": 5,
          "userName": "Game 1",
        },
      ]
    }
    disableVirtualization={false}
    getItem={[Function]}
    getItemCount={[Function]}
    horizontal={false}
    initialNumToRender={10}
    keyExtractor={[Function]}
    maxToRenderPerBatch={10}
    onContentSizeChange={[Function]}
    onEndReachedThreshold={2}
    onLayout={[Function]}
    onMomentumScrollEnd={[Function]}
    onScroll={[Function]}
    onScrollBeginDrag={[Function]}
    onScrollEndDrag={[Function]}
    removeClippedSubviews={false}
    renderItem={[Function]}
    scrollEventThrottle={50}
    stickyHeaderIndices={Array []}
    updateCellsBatchingPeriod={50}
    viewabilityConfigCallbackPairs={Array []}
    windowSize={21}
  >
    <View>
      <View
        onLayout={[Function]}
        style={null}
      >
        <View
          style={
            Array [
              Object {
                "alignItems": "center",
                "borderColor": "#d6d7da",
                "borderRadius": 5,
                "borderWidth": 0.5,
                "flexDirection": "row",
                "justifyContent": "space-between",
                "paddingBottom": 15,
                "paddingTop": 15,
              },
              Object {
                "backgroundColor": "#f2f5f7",
              },
            ]
          }
        >
          <View
            style={
              Object {
                "alignItems": "center",
                "flexDirection": "row",
              }
            }
          >
            <Text
              style={
                Array [
                  Object {
                    "fontSize": 17,
                    "fontWeight": "bold",
                    "marginRight": 5,
                  },
                  undefined,
                  Object {
                    "paddingLeft": 16,
                    "paddingRight": 6,
                  },
                ]
              }
            >
              1
            </Text>
            <Text
              numberOfLines={1}
              style={
                Array [
                  Object {
                    "flex": 1,
                    "fontSize": 17,
                    "paddingRight": 80,
                  },
                  undefined,
                ]
              }
            >
              Game 2
            </Text>
          </View>
          <Text
            style={
              Array [
                Object {
                  "fontSize": 20,
                  "fontWeight": "bold",
                  "paddingLeft": 15,
                  "position": "absolute",
                  "right": 15,
                },
                undefined,
              ]
            }
          >
            10
          </Text>
        </View>
      </View>
      <View
        onLayout={[Function]}
        style={null}
      >
        <View
          style={
            Array [
              Object {
                "alignItems": "center",
                "borderColor": "#d6d7da",
                "borderRadius": 5,
                "borderWidth": 0.5,
                "flexDirection": "row",
                "justifyContent": "space-between",
                "paddingBottom": 15,
                "paddingTop": 15,
              },
              Object {
                "backgroundColor": "white",
              },
            ]
          }
        >
          <View
            style={
              Object {
                "alignItems": "center",
                "flexDirection": "row",
              }
            }
          >
            <Text
              style={
                Array [
                  Object {
                    "fontSize": 17,
                    "fontWeight": "bold",
                    "marginRight": 5,
                  },
                  undefined,
                  Object {
                    "paddingLeft": 16,
                    "paddingRight": 6,
                  },
                ]
              }
            >
              2
            </Text>
            <Text
              numberOfLines={1}
              style={
                Array [
                  Object {
                    "flex": 1,
                    "fontSize": 17,
                    "paddingRight": 80,
                  },
                  undefined,
                ]
              }
            >
              Game 1
            </Text>
          </View>
          <Text
            style={
              Array [
                Object {
                  "fontSize": 20,
                  "fontWeight": "bold",
                  "paddingLeft": 15,
                  "position": "absolute",
                  "right": 15,
                },
                undefined,
              ]
            }
          >
            5
          </Text>
        </View>
      </View>
    </View>
  </RCTScrollView>
  <View
    style={
      Object {
        "marginHorizontal": 20,
        "marginVertical": 10,
      }
    }
  >
    <View
      accessibilityRole="button"
      accessibilityState={Object {}}
      accessible={true}
      focusable={true}
      onClick={[Function]}
      onResponderGrant={[Function]}
      onResponderMove={[Function]}
      onResponderRelease={[Function]}
      onResponderTerminate={[Function]}
      onResponderTerminationRequest={[Function]}
      onStartShouldSetResponder={[Function]}
      style={
        Object {
          "opacity": 1,
        }
      }
    >
      <View
        style={
          Array [
            Object {},
          ]
        }
      >
        <Text
          style={
            Array [
              Object {
                "color": "#007AFF",
                "fontSize": 18,
                "margin": 8,
                "textAlign": "center",
              },
            ]
          }
        >
          Share
        </Text>
      </View>
    </View>
  </View>
</RCTSafeAreaView>
`;
